// Jest Snapshot v1, https://goo.gl/fbAQLP

exports[`renders BackTop/demo/basic.md correctly 1`] = `
<div
  style="position:relative;padding:8px 12px"
>
  <div
    class="arco-backtop"
    style="position:absolute"
  />
  <div
    class="arco-typography"
  >
    <span
      style="display:block;padding:0;margin:0;position:absolute;white-space:nowrap;opacity:0;z-index:-999"
    >
      hxj
    </span>
    <span
      style="width:0"
    >
      The button will appear in the bottom corner of the scrolling area
    </span>
  </div>
  <div
    id="custom_backtop0"
    style="height:300px;overflow:auto"
  >
    <div
      class="arco-typography"
    >
      <span
        style="display:block;padding:0;margin:0;position:absolute;white-space:nowrap;opacity:0;z-index:-999"
      >
        hxj
      </span>
      <span
        style="width:0"
      >
        This is the content
      </span>
    </div>
    <div
      class="arco-typography"
    >
      <span
        style="display:block;padding:0;margin:0;position:absolute;white-space:nowrap;opacity:0;z-index:-999"
      >
        hxj
      </span>
      <span
        style="width:0"
      >
        This is the content
      </span>
    </div>
    <div
      class="arco-typography"
    >
      <span
        style="display:block;padding:0;margin:0;position:absolute;white-space:nowrap;opacity:0;z-index:-999"
      >
        hxj
      </span>
      <span
        style="width:0"
      >
        This is the content
      </span>
    </div>
    <div
      class="arco-typography"
    >
      <span
        style="display:block;padding:0;margin:0;position:absolute;white-space:nowrap;opacity:0;z-index:-999"
      >
        hxj
      </span>
      <span
        style="width:0"
      >
        This is the content
      </span>
    </div>
    <div
      class="arco-typography"
    >
      <span
        style="display:block;padding:0;margin:0;position:absolute;white-space:nowrap;opacity:0;z-index:-999"
      >
        hxj
      </span>
      <span
        style="width:0"
      >
        This is the content
      </span>
    </div>
    <div
      class="arco-typography"
    >
      <span
        style="display:block;padding:0;margin:0;position:absolute;white-space:nowrap;opacity:0;z-index:-999"
      >
        hxj
      </span>
      <span
        style="width:0"
      >
        This is the content
      </span>
    </div>
    <div
      class="arco-typography"
    >
      <span
        style="display:block;padding:0;margin:0;position:absolute;white-space:nowrap;opacity:0;z-index:-999"
      >
        hxj
      </span>
      <span
        style="width:0"
      >
        This is the content
      </span>
    </div>
    <div
      class="arco-typography"
    >
      <span
        style="display:block;padding:0;margin:0;position:absolute;white-space:nowrap;opacity:0;z-index:-999"
      >
        hxj
      </span>
      <span
        style="width:0"
      >
        This is the content
      </span>
    </div>
    <div
      class="arco-typography"
    >
      <span
        style="display:block;padding:0;margin:0;position:absolute;white-space:nowrap;opacity:0;z-index:-999"
      >
        hxj
      </span>
      <span
        style="width:0"
      >
        This is the content
      </span>
    </div>
    <div
      class="arco-typography"
    >
      <span
        style="display:block;padding:0;margin:0;position:absolute;white-space:nowrap;opacity:0;z-index:-999"
      >
        hxj
      </span>
      <span
        style="width:0"
      >
        This is the content
      </span>
    </div>
    <div
      class="arco-typography"
    >
      <span
        style="display:block;padding:0;margin:0;position:absolute;white-space:nowrap;opacity:0;z-index:-999"
      >
        hxj
      </span>
      <span
        style="width:0"
      >
        This is the content
      </span>
    </div>
    <div
      class="arco-typography"
    >
      <span
        style="display:block;padding:0;margin:0;position:absolute;white-space:nowrap;opacity:0;z-index:-999"
      >
        hxj
      </span>
      <span
        style="width:0"
      >
        This is the content
      </span>
    </div>
    <div
      class="arco-typography"
    >
      <span
        style="display:block;padding:0;margin:0;position:absolute;white-space:nowrap;opacity:0;z-index:-999"
      >
        hxj
      </span>
      <span
        style="width:0"
      >
        This is the content
      </span>
    </div>
    <div
      class="arco-typography"
    >
      <span
        style="display:block;padding:0;margin:0;position:absolute;white-space:nowrap;opacity:0;z-index:-999"
      >
        hxj
      </span>
      <span
        style="width:0"
      >
        This is the content
      </span>
    </div>
    <div
      class="arco-typography"
    >
      <span
        style="display:block;padding:0;margin:0;position:absolute;white-space:nowrap;opacity:0;z-index:-999"
      >
        hxj
      </span>
      <span
        style="width:0"
      >
        This is the content
      </span>
    </div>
    <div
      class="arco-typography"
    >
      <span
        style="display:block;padding:0;margin:0;position:absolute;white-space:nowrap;opacity:0;z-index:-999"
      >
        hxj
      </span>
      <span
        style="width:0"
      >
        This is the content
      </span>
    </div>
    <div
      class="arco-typography"
    >
      <span
        style="display:block;padding:0;margin:0;position:absolute;white-space:nowrap;opacity:0;z-index:-999"
      >
        hxj
      </span>
      <span
        style="width:0"
      >
        This is the content
      </span>
    </div>
    <div
      class="arco-typography"
    >
      <span
        style="display:block;padding:0;margin:0;position:absolute;white-space:nowrap;opacity:0;z-index:-999"
      >
        hxj
      </span>
      <span
        style="width:0"
      >
        This is the content
      </span>
    </div>
    <div
      class="arco-typography"
    >
      <span
        style="display:block;padding:0;margin:0;position:absolute;white-space:nowrap;opacity:0;z-index:-999"
      >
        hxj
      </span>
      <span
        style="width:0"
      >
        This is the content
      </span>
    </div>
    <div
      class="arco-typography"
    >
      <span
        style="display:block;padding:0;margin:0;position:absolute;white-space:nowrap;opacity:0;z-index:-999"
      >
        hxj
      </span>
      <span
        style="width:0"
      >
        This is the content
      </span>
    </div>
  </div>
</div>
`;

exports[`renders BackTop/demo/custom_button.md correctly 1`] = `
<div
  style="position:relative;padding:8px 12px"
>
  <div
    class="arco-backtop"
    style="position:absolute"
  />
  <div
    id="custom_backtop"
    style="height:300px;overflow:auto"
  >
    <div
      class="arco-typography"
    >
      <span
        style="display:block;padding:0;margin:0;position:absolute;white-space:nowrap;opacity:0;z-index:-999"
      >
        hxj
      </span>
      <span
        style="width:0"
      >
        This is the content
      </span>
    </div>
    <div
      class="arco-typography"
    >
      <span
        style="display:block;padding:0;margin:0;position:absolute;white-space:nowrap;opacity:0;z-index:-999"
      >
        hxj
      </span>
      <span
        style="width:0"
      >
        This is the content
      </span>
    </div>
    <div
      class="arco-typography"
    >
      <span
        style="display:block;padding:0;margin:0;position:absolute;white-space:nowrap;opacity:0;z-index:-999"
      >
        hxj
      </span>
      <span
        style="width:0"
      >
        This is the content
      </span>
    </div>
    <div
      class="arco-typography"
    >
      <span
        style="display:block;padding:0;margin:0;position:absolute;white-space:nowrap;opacity:0;z-index:-999"
      >
        hxj
      </span>
      <span
        style="width:0"
      >
        This is the content
      </span>
    </div>
    <div
      class="arco-typography"
    >
      <span
        style="display:block;padding:0;margin:0;position:absolute;white-space:nowrap;opacity:0;z-index:-999"
      >
        hxj
      </span>
      <span
        style="width:0"
      >
        This is the content
      </span>
    </div>
    <div
      class="arco-typography"
    >
      <span
        style="display:block;padding:0;margin:0;position:absolute;white-space:nowrap;opacity:0;z-index:-999"
      >
        hxj
      </span>
      <span
        style="width:0"
      >
        This is the content
      </span>
    </div>
    <div
      class="arco-typography"
    >
      <span
        style="display:block;padding:0;margin:0;position:absolute;white-space:nowrap;opacity:0;z-index:-999"
      >
        hxj
      </span>
      <span
        style="width:0"
      >
        This is the content
      </span>
    </div>
    <div
      class="arco-typography"
    >
      <span
        style="display:block;padding:0;margin:0;position:absolute;white-space:nowrap;opacity:0;z-index:-999"
      >
        hxj
      </span>
      <span
        style="width:0"
      >
        This is the content
      </span>
    </div>
    <div
      class="arco-typography"
    >
      <span
        style="display:block;padding:0;margin:0;position:absolute;white-space:nowrap;opacity:0;z-index:-999"
      >
        hxj
      </span>
      <span
        style="width:0"
      >
        This is the content
      </span>
    </div>
    <div
      class="arco-typography"
    >
      <span
        style="display:block;padding:0;margin:0;position:absolute;white-space:nowrap;opacity:0;z-index:-999"
      >
        hxj
      </span>
      <span
        style="width:0"
      >
        This is the content
      </span>
    </div>
    <div
      class="arco-typography"
    >
      <span
        style="display:block;padding:0;margin:0;position:absolute;white-space:nowrap;opacity:0;z-index:-999"
      >
        hxj
      </span>
      <span
        style="width:0"
      >
        This is the content
      </span>
    </div>
    <div
      class="arco-typography"
    >
      <span
        style="display:block;padding:0;margin:0;position:absolute;white-space:nowrap;opacity:0;z-index:-999"
      >
        hxj
      </span>
      <span
        style="width:0"
      >
        This is the content
      </span>
    </div>
    <div
      class="arco-typography"
    >
      <span
        style="display:block;padding:0;margin:0;position:absolute;white-space:nowrap;opacity:0;z-index:-999"
      >
        hxj
      </span>
      <span
        style="width:0"
      >
        This is the content
      </span>
    </div>
    <div
      class="arco-typography"
    >
      <span
        style="display:block;padding:0;margin:0;position:absolute;white-space:nowrap;opacity:0;z-index:-999"
      >
        hxj
      </span>
      <span
        style="width:0"
      >
        This is the content
      </span>
    </div>
    <div
      class="arco-typography"
    >
      <span
        style="display:block;padding:0;margin:0;position:absolute;white-space:nowrap;opacity:0;z-index:-999"
      >
        hxj
      </span>
      <span
        style="width:0"
      >
        This is the content
      </span>
    </div>
    <div
      class="arco-typography"
    >
      <span
        style="display:block;padding:0;margin:0;position:absolute;white-space:nowrap;opacity:0;z-index:-999"
      >
        hxj
      </span>
      <span
        style="width:0"
      >
        This is the content
      </span>
    </div>
    <div
      class="arco-typography"
    >
      <span
        style="display:block;padding:0;margin:0;position:absolute;white-space:nowrap;opacity:0;z-index:-999"
      >
        hxj
      </span>
      <span
        style="width:0"
      >
        This is the content
      </span>
    </div>
    <div
      class="arco-typography"
    >
      <span
        style="display:block;padding:0;margin:0;position:absolute;white-space:nowrap;opacity:0;z-index:-999"
      >
        hxj
      </span>
      <span
        style="width:0"
      >
        This is the content
      </span>
    </div>
    <div
      class="arco-typography"
    >
      <span
        style="display:block;padding:0;margin:0;position:absolute;white-space:nowrap;opacity:0;z-index:-999"
      >
        hxj
      </span>
      <span
        style="width:0"
      >
        This is the content
      </span>
    </div>
    <div
      class="arco-typography"
    >
      <span
        style="display:block;padding:0;margin:0;position:absolute;white-space:nowrap;opacity:0;z-index:-999"
      >
        hxj
      </span>
      <span
        style="width:0"
      >
        This is the content
      </span>
    </div>
    <div
      class="arco-typography"
    >
      <span
        style="display:block;padding:0;margin:0;position:absolute;white-space:nowrap;opacity:0;z-index:-999"
      >
        hxj
      </span>
      <span
        style="width:0"
      >
        This is the content
      </span>
    </div>
    <div
      class="arco-typography"
    >
      <span
        style="display:block;padding:0;margin:0;position:absolute;white-space:nowrap;opacity:0;z-index:-999"
      >
        hxj
      </span>
      <span
        style="width:0"
      >
        This is the content
      </span>
    </div>
  </div>
</div>
`;

exports[`renders BackTop/demo/easing.md correctly 1`] = `
<div>
  <div
    style="margin:12px"
  >
    <span
      class="arco-typography"
      style="margin-right:8px"
    >
      <span
        style="display:block;padding:0;margin:0;position:absolute;white-space:nowrap;opacity:0;z-index:-999"
      >
        hxj
      </span>
      <span
        style="width:0"
      >
        Easing
      </span>
    </span>
    <div
      aria-autocomplete="list"
      aria-controls="arco-select-popup-0"
      aria-expanded="false"
      aria-haspopup="listbox"
      class="arco-select arco-select-single arco-select-size-default"
      role="combobox"
      style="width:200px;margin-right:10px"
      tabindex="0"
    >
      <div
        class="arco-select-view"
        title="linear"
      >
        <input
          aria-hidden="true"
          autocomplete="off"
          class="arco-select-view-input arco-select-hidden"
          style="width:100%;pointer-events:none"
          tabindex="-1"
          value="linear"
        />
        <span
          class="arco-select-view-value"
        >
          linear
        </span>
        <div
          aria-hidden="true"
          class="arco-select-suffix"
        >
          <div
            class="arco-select-arrow-icon"
          >
            <svg
              aria-hidden="true"
              class="arco-icon arco-icon-down"
              fill="none"
              focusable="false"
              stroke="currentColor"
              stroke-width="4"
              viewBox="0 0 48 48"
            >
              <path
                d="M39.6 17.443 24.043 33 8.487 17.443"
              />
            </svg>
          </div>
        </div>
      </div>
    </div>
    <span
      class="arco-typography"
      style="margin:0 8px 0 40px"
    >
      <span
        style="display:block;padding:0;margin:0;position:absolute;white-space:nowrap;opacity:0;z-index:-999"
      >
        hxj
      </span>
      <span
        style="width:0"
      >
        Time
      </span>
    </span>
    <input
      class="arco-input arco-input-size-default"
      placeholder="Please enter the easing time"
      style="width:200px"
      value="200"
    />
  </div>
  <div
    style="position:relative"
  >
    <div
      class="arco-backtop"
      style="position:absolute;right:60px;bottom:60px"
    />
    <div
      id="custom_backtop2"
      style="height:300px;overflow:auto;padding:8px 12px"
    >
      <div
        class="arco-typography"
      >
        <span
          style="display:block;padding:0;margin:0;position:absolute;white-space:nowrap;opacity:0;z-index:-999"
        >
          hxj
        </span>
        <span
          style="width:0"
        >
          This is the content
        </span>
      </div>
      <div
        class="arco-typography"
      >
        <span
          style="display:block;padding:0;margin:0;position:absolute;white-space:nowrap;opacity:0;z-index:-999"
        >
          hxj
        </span>
        <span
          style="width:0"
        >
          This is the content
        </span>
      </div>
      <div
        class="arco-typography"
      >
        <span
          style="display:block;padding:0;margin:0;position:absolute;white-space:nowrap;opacity:0;z-index:-999"
        >
          hxj
        </span>
        <span
          style="width:0"
        >
          This is the content
        </span>
      </div>
      <div
        class="arco-typography"
      >
        <span
          style="display:block;padding:0;margin:0;position:absolute;white-space:nowrap;opacity:0;z-index:-999"
        >
          hxj
        </span>
        <span
          style="width:0"
        >
          This is the content
        </span>
      </div>
      <div
        class="arco-typography"
      >
        <span
          style="display:block;padding:0;margin:0;position:absolute;white-space:nowrap;opacity:0;z-index:-999"
        >
          hxj
        </span>
        <span
          style="width:0"
        >
          This is the content
        </span>
      </div>
      <div
        class="arco-typography"
      >
        <span
          style="display:block;padding:0;margin:0;position:absolute;white-space:nowrap;opacity:0;z-index:-999"
        >
          hxj
        </span>
        <span
          style="width:0"
        >
          This is the content
        </span>
      </div>
      <div
        class="arco-typography"
      >
        <span
          style="display:block;padding:0;margin:0;position:absolute;white-space:nowrap;opacity:0;z-index:-999"
        >
          hxj
        </span>
        <span
          style="width:0"
        >
          This is the content
        </span>
      </div>
      <div
        class="arco-typography"
      >
        <span
          style="display:block;padding:0;margin:0;position:absolute;white-space:nowrap;opacity:0;z-index:-999"
        >
          hxj
        </span>
        <span
          style="width:0"
        >
          This is the content
        </span>
      </div>
      <div
        class="arco-typography"
      >
        <span
          style="display:block;padding:0;margin:0;position:absolute;white-space:nowrap;opacity:0;z-index:-999"
        >
          hxj
        </span>
        <span
          style="width:0"
        >
          This is the content
        </span>
      </div>
      <div
        class="arco-typography"
      >
        <span
          style="display:block;padding:0;margin:0;position:absolute;white-space:nowrap;opacity:0;z-index:-999"
        >
          hxj
        </span>
        <span
          style="width:0"
        >
          This is the content
        </span>
      </div>
      <div
        class="arco-typography"
      >
        <span
          style="display:block;padding:0;margin:0;position:absolute;white-space:nowrap;opacity:0;z-index:-999"
        >
          hxj
        </span>
        <span
          style="width:0"
        >
          This is the content
        </span>
      </div>
      <div
        class="arco-typography"
      >
        <span
          style="display:block;padding:0;margin:0;position:absolute;white-space:nowrap;opacity:0;z-index:-999"
        >
          hxj
        </span>
        <span
          style="width:0"
        >
          This is the content
        </span>
      </div>
      <div
        class="arco-typography"
      >
        <span
          style="display:block;padding:0;margin:0;position:absolute;white-space:nowrap;opacity:0;z-index:-999"
        >
          hxj
        </span>
        <span
          style="width:0"
        >
          This is the content
        </span>
      </div>
      <div
        class="arco-typography"
      >
        <span
          style="display:block;padding:0;margin:0;position:absolute;white-space:nowrap;opacity:0;z-index:-999"
        >
          hxj
        </span>
        <span
          style="width:0"
        >
          This is the content
        </span>
      </div>
      <div
        class="arco-typography"
      >
        <span
          style="display:block;padding:0;margin:0;position:absolute;white-space:nowrap;opacity:0;z-index:-999"
        >
          hxj
        </span>
        <span
          style="width:0"
        >
          This is the content
        </span>
      </div>
      <div
        class="arco-typography"
      >
        <span
          style="display:block;padding:0;margin:0;position:absolute;white-space:nowrap;opacity:0;z-index:-999"
        >
          hxj
        </span>
        <span
          style="width:0"
        >
          This is the content
        </span>
      </div>
      <div
        class="arco-typography"
      >
        <span
          style="display:block;padding:0;margin:0;position:absolute;white-space:nowrap;opacity:0;z-index:-999"
        >
          hxj
        </span>
        <span
          style="width:0"
        >
          This is the content
        </span>
      </div>
      <div
        class="arco-typography"
      >
        <span
          style="display:block;padding:0;margin:0;position:absolute;white-space:nowrap;opacity:0;z-index:-999"
        >
          hxj
        </span>
        <span
          style="width:0"
        >
          This is the content
        </span>
      </div>
    </div>
  </div>
</div>
`;
